Running: rez env aswf -- usdrecord --camera /McUsd/Camera --renderer "Cycles" --purposes render   assets/full_assets/McUsd/McUsd.usda "renderers/Cycles/McUsd.jpg"
[OpenColorIO Info]: Color management disabled. (Specify the $OCIO environment variable to enable.)
Warning: in Tf_PyLoadScriptModule at line 117 of /opt/conan_home/d/b/openu0a1f8544958cb/b/src/pxr/base/tf/pyUtils.cpp -- Import failed for module 'pxr.MoonrayShaderParser'!
ModuleNotFoundError: No module named 'pxr.MoonrayShaderParser'
Warning: in Tf_PyLoadScriptModule at line 117 of /opt/conan_home/d/b/openu0a1f8544958cb/b/src/pxr/base/tf/pyUtils.cpp -- Import failed for module 'pxr.MoonrayShaderDiscovery'!
ModuleNotFoundError: No module named 'pxr.MoonrayShaderDiscovery'
Warning: in UpdateParameters at line 291 of /opt/build-cycles/cycles/src/hydra/material.cpp -- Could not find parameter 'useSpecularWorkflow' on node '/McUsd/Looks/lava_flow/PreviewSurface' ('principled_bsdf')
Warning: in UpdateParameters at line 291 of /opt/build-cycles/cycles/src/hydra/material.cpp -- Could not find parameter 'bias' on node '/McUsd/Looks/lava_flow/normal_texture' ('image_texture')
Warning: in UpdateParameters at line 291 of /opt/build-cycles/cycles/src/hydra/material.cpp -- Could not find parameter 'scale' on node '/McUsd/Looks/lava_flow/normal_texture' ('image_texture')
Warning: in UpdateParameters at line 291 of /opt/build-cycles/cycles/src/hydra/material.cpp -- Could not find parameter 'fallback' on node '/McUsd/Looks/lava_flow/uv_reader' ('attribute')
Warning: in UpdateConnections at line 355 of /opt/build-cycles/cycles/src/hydra/material.cpp -- Ignoring connection on '/McUsd/Looks/lava_flow/PreviewSurface.emissiveColor', input 'emissiveColor' was not found
Warning: in UpdateParameters at line 291 of /opt/build-cycles/cycles/src/hydra/material.cpp -- Could not find parameter 'useSpecularWorkflow' on node '/McUsd/Looks/prismarine/PreviewSurface' ('principled_bsdf')
Warning: in UpdateParameters at line 291 of /opt/build-cycles/cycles/src/hydra/material.cpp -- Could not find parameter 'bias' on node '/McUsd/Looks/prismarine/normal_texture' ('image_texture')
Warning: in UpdateParameters at line 291 of /opt/build-cycles/cycles/src/hydra/material.cpp -- Could not find parameter 'scale' on node '/McUsd/Looks/prismarine/normal_texture' ('image_texture')
Warning: in UpdateParameters at line 291 of /opt/build-cycles/cycles/src/hydra/material.cpp -- Could not find parameter 'fallback' on node '/McUsd/Looks/prismarine/uv_reader' ('attribute')
Warning: in UpdateParameters at line 291 of /opt/build-cycles/cycles/src/hydra/material.cpp -- Could not find parameter 'opacityThreshold' on node '/McUsd/Looks/purple_stained_glass/PreviewSurface' ('principled_bsdf')
Warning: in UpdateParameters at line 291 of /opt/build-cycles/cycles/src/hydra/material.cpp -- Could not find parameter 'useSpecularWorkflow' on node '/McUsd/Looks/purple_stained_glass/PreviewSurface' ('principled_bsdf')
Warning: in UpdateParameters at line 291 of /opt/build-cycles/cycles/src/hydra/material.cpp -- Could not find parameter 'bias' on node '/McUsd/Looks/purple_stained_glass/normal_texture' ('image_texture')
Warning: in UpdateParameters at line 291 of /opt/build-cycles/cycles/src/hydra/material.cpp -- Could not find parameter 'scale' on node '/McUsd/Looks/purple_stained_glass/normal_texture' ('image_texture')
Warning: in UpdateParameters at line 291 of /opt/build-cycles/cycles/src/hydra/material.cpp -- Could not find parameter 'fallback' on node '/McUsd/Looks/purple_stained_glass/uv_reader' ('attribute')
Warning: in UpdateParameters at line 291 of /opt/build-cycles/cycles/src/hydra/material.cpp -- Could not find parameter 'opacityThreshold' on node '/McUsd/Looks/sunflower_top/PreviewSurface' ('principled_bsdf')
Warning: in UpdateParameters at line 291 of /opt/build-cycles/cycles/src/hydra/material.cpp -- Could not find parameter 'useSpecularWorkflow' on node '/McUsd/Looks/sunflower_top/PreviewSurface' ('principled_bsdf')
Warning: in UpdateParameters at line 291 of /opt/build-cycles/cycles/src/hydra/material.cpp -- Could not find parameter 'bias' on node '/McUsd/Looks/sunflower_top/normal_texture' ('image_texture')
Warning: in UpdateParameters at line 291 of /opt/build-cycles/cycles/src/hydra/material.cpp -- Could not find parameter 'scale' on node '/McUsd/Looks/sunflower_top/normal_texture' ('image_texture')
Warning: in UpdateParameters at line 291 of /opt/build-cycles/cycles/src/hydra/material.cpp -- Could not find parameter 'fallback' on node '/McUsd/Looks/sunflower_top/uv_reader' ('attribute')
Warning: in UpdateParameters at line 291 of /opt/build-cycles/cycles/src/hydra/material.cpp -- Could not find parameter 'opacityThreshold' on node '/McUsd/Looks/sunflower_bottom/PreviewSurface' ('principled_bsdf')
Warning: in UpdateParameters at line 291 of /opt/build-cycles/cycles/src/hydra/material.cpp -- Could not find parameter 'useSpecularWorkflow' on node '/McUsd/Looks/sunflower_bottom/PreviewSurface' ('principled_bsdf')
Warning: in UpdateParameters at line 291 of /opt/build-cycles/cycles/src/hydra/material.cpp -- Could not find parameter 'bias' on node '/McUsd/Looks/sunflower_bottom/normal_texture' ('image_texture')
Warning: in UpdateParameters at line 291 of /opt/build-cycles/cycles/src/hydra/material.cpp -- Could not find parameter 'scale' on node '/McUsd/Looks/sunflower_bottom/normal_texture' ('image_texture')
Warning: in UpdateParameters at line 291 of /opt/build-cycles/cycles/src/hydra/material.cpp -- Could not find parameter 'fallback' on node '/McUsd/Looks/sunflower_bottom/uv_reader' ('attribute')
Warning: in UpdateParameters at line 291 of /opt/build-cycles/cycles/src/hydra/material.cpp -- Could not find parameter 'opacityThreshold' on node '/McUsd/Looks/sunflower_front/PreviewSurface' ('principled_bsdf')
Warning: in UpdateParameters at line 291 of /opt/build-cycles/cycles/src/hydra/material.cpp -- Could not find parameter 'useSpecularWorkflow' on node '/McUsd/Looks/sunflower_front/PreviewSurface' ('principled_bsdf')
Warning: in UpdateParameters at line 291 of /opt/build-cycles/cycles/src/hydra/material.cpp -- Could not find parameter 'bias' on node '/McUsd/Looks/sunflower_front/normal_texture' ('image_texture')
Warning: in UpdateParameters at line 291 of /opt/build-cycles/cycles/src/hydra/material.cpp -- Could not find parameter 'scale' on node '/McUsd/Looks/sunflower_front/normal_texture' ('image_texture')
Warning: in UpdateParameters at line 291 of /opt/build-cycles/cycles/src/hydra/material.cpp -- Could not find parameter 'fallback' on node '/McUsd/Looks/sunflower_front/uv_reader' ('attribute')
Warning: in UpdateParameters at line 291 of /opt/build-cycles/cycles/src/hydra/material.cpp -- Could not find parameter 'opacityThreshold' on node '/McUsd/Looks/sunflower_back/PreviewSurface' ('principled_bsdf')
Warning: in UpdateParameters at line 291 of /opt/build-cycles/cycles/src/hydra/material.cpp -- Could not find parameter 'useSpecularWorkflow' on node '/McUsd/Looks/sunflower_back/PreviewSurface' ('principled_bsdf')
Warning: in UpdateParameters at line 291 of /opt/build-cycles/cycles/src/hydra/material.cpp -- Could not find parameter 'bias' on node '/McUsd/Looks/sunflower_back/normal_texture' ('image_texture')
Warning: in UpdateParameters at line 291 of /opt/build-cycles/cycles/src/hydra/material.cpp -- Could not find parameter 'scale' on node '/McUsd/Looks/sunflower_back/normal_texture' ('image_texture')
Warning: in UpdateParameters at line 291 of /opt/build-cycles/cycles/src/hydra/material.cpp -- Could not find parameter 'fallback' on node '/McUsd/Looks/sunflower_back/uv_reader' ('attribute')
Warning: in UpdateParameters at line 291 of /opt/build-cycles/cycles/src/hydra/material.cpp -- Could not find parameter 'useSpecularWorkflow' on node '/McUsd/Looks/grass_block_top/PreviewSurface' ('principled_bsdf')
Warning: in UpdateParameters at line 291 of /opt/build-cycles/cycles/src/hydra/material.cpp -- Could not find parameter 'bias' on node '/McUsd/Looks/grass_block_top/normal_texture' ('image_texture')
Warning: in UpdateParameters at line 291 of /opt/build-cycles/cycles/src/hydra/material.cpp -- Could not find parameter 'scale' on node '/McUsd/Looks/grass_block_top/normal_texture' ('image_texture')
Warning: in UpdateParameters at line 291 of /opt/build-cycles/cycles/src/hydra/material.cpp -- Could not find parameter 'fallback' on node '/McUsd/Looks/grass_block_top/uv_reader' ('attribute')
Warning: in UpdateParameters at line 291 of /opt/build-cycles/cycles/src/hydra/material.cpp -- Could not find parameter 'useSpecularWorkflow' on node '/McUsd/Looks/iron_block/PreviewSurface' ('principled_bsdf')
Warning: in UpdateParameters at line 291 of /opt/build-cycles/cycles/src/hydra/material.cpp -- Could not find parameter 'bias' on node '/McUsd/Looks/iron_block/normal_texture' ('image_texture')
Warning: in UpdateParameters at line 291 of /opt/build-cycles/cycles/src/hydra/material.cpp -- Could not find parameter 'scale' on node '/McUsd/Looks/iron_block/normal_texture' ('image_texture')
Warning: in UpdateParameters at line 291 of /opt/build-cycles/cycles/src/hydra/material.cpp -- Could not find parameter 'fallback' on node '/McUsd/Looks/iron_block/uv_reader' ('attribute')
Warning: in UpdateParameters at line 291 of /opt/build-cycles/cycles/src/hydra/material.cpp -- Could not find parameter 'useSpecularWorkflow' on node '/McUsd/Looks/grass_block_side/PreviewSurface' ('principled_bsdf')
Warning: in UpdateParameters at line 291 of /opt/build-cycles/cycles/src/hydra/material.cpp -- Could not find parameter 'bias' on node '/McUsd/Looks/grass_block_side/normal_texture' ('image_texture')
Warning: in UpdateParameters at line 291 of /opt/build-cycles/cycles/src/hydra/material.cpp -- Could not find parameter 'scale' on node '/McUsd/Looks/grass_block_side/normal_texture' ('image_texture')
Warning: in UpdateParameters at line 291 of /opt/build-cycles/cycles/src/hydra/material.cpp -- Could not find parameter 'fallback' on node '/McUsd/Looks/grass_block_side/uv_reader' ('attribute')
Warning: in UpdateParameters at line 291 of /opt/build-cycles/cycles/src/hydra/material.cpp -- Could not find parameter 'useSpecularWorkflow' on node '/McUsd/Looks/dirt/PreviewSurface' ('principled_bsdf')
Warning: in UpdateParameters at line 291 of /opt/build-cycles/cycles/src/hydra/material.cpp -- Could not find parameter 'bias' on node '/McUsd/Looks/dirt/normal_texture' ('image_texture')
Warning: in UpdateParameters at line 291 of /opt/build-cycles/cycles/src/hydra/material.cpp -- Could not find parameter 'scale' on node '/McUsd/Looks/dirt/normal_texture' ('image_texture')
Warning: in UpdateParameters at line 291 of /opt/build-cycles/cycles/src/hydra/material.cpp -- Could not find parameter 'fallback' on node '/McUsd/Looks/dirt/uv_reader' ('attribute')
Warning: in UpdateParameters at line 291 of /opt/build-cycles/cycles/src/hydra/material.cpp -- Could not find parameter 'opacityThreshold' on node '/McUsd/Looks/fern/PreviewSurface' ('principled_bsdf')
Warning: in UpdateParameters at line 291 of /opt/build-cycles/cycles/src/hydra/material.cpp -- Could not find parameter 'useSpecularWorkflow' on node '/McUsd/Looks/fern/PreviewSurface' ('principled_bsdf')
Warning: in UpdateParameters at line 291 of /opt/build-cycles/cycles/src/hydra/material.cpp -- Could not find parameter 'fallback' on node '/McUsd/Looks/fern/uv_reader' ('attribute')
Warning: in UpdateParameters at line 291 of /opt/build-cycles/cycles/src/hydra/material.cpp -- Could not find parameter 'opacityThreshold' on node '/McUsd/Looks/rail_corner/PreviewSurface' ('principled_bsdf')
Warning: in UpdateParameters at line 291 of /opt/build-cycles/cycles/src/hydra/material.cpp -- Could not find parameter 'useSpecularWorkflow' on node '/McUsd/Looks/rail_corner/PreviewSurface' ('principled_bsdf')
Warning: in UpdateParameters at line 291 of /opt/build-cycles/cycles/src/hydra/material.cpp -- Could not find parameter 'bias' on node '/McUsd/Looks/rail_corner/normal_texture' ('image_texture')
Warning: in UpdateParameters at line 291 of /opt/build-cycles/cycles/src/hydra/material.cpp -- Could not find parameter 'scale' on node '/McUsd/Looks/rail_corner/normal_texture' ('image_texture')
Warning: in UpdateParameters at line 291 of /opt/build-cycles/cycles/src/hydra/material.cpp -- Could not find parameter 'fallback' on node '/McUsd/Looks/rail_corner/uv_reader' ('attribute')
Warning: in UpdateParameters at line 291 of /opt/build-cycles/cycles/src/hydra/material.cpp -- Could not find parameter 'useSpecularWorkflow' on node '/McUsd/Looks/piston_side/PreviewSurface' ('principled_bsdf')
Warning: in UpdateParameters at line 291 of /opt/build-cycles/cycles/src/hydra/material.cpp -- Could not find parameter 'bias' on node '/McUsd/Looks/piston_side/normal_texture' ('image_texture')
Warning: in UpdateParameters at line 291 of /opt/build-cycles/cycles/src/hydra/material.cpp -- Could not find parameter 'scale' on node '/McUsd/Looks/piston_side/normal_texture' ('image_texture')
Warning: in UpdateParameters at line 291 of /opt/build-cycles/cycles/src/hydra/material.cpp -- Could not find parameter 'fallback' on node '/McUsd/Looks/piston_side/uv_reader' ('attribute')
Warning: in UpdateParameters at line 291 of /opt/build-cycles/cycles/src/hydra/material.cpp -- Could not find parameter 'useSpecularWorkflow' on node '/McUsd/Looks/piston_top/PreviewSurface' ('principled_bsdf')
Warning: in UpdateParameters at line 291 of /opt/build-cycles/cycles/src/hydra/material.cpp -- Could not find parameter 'bias' on node '/McUsd/Looks/piston_top/normal_texture' ('image_texture')
Warning: in UpdateParameters at line 291 of /opt/build-cycles/cycles/src/hydra/material.cpp -- Could not find parameter 'scale' on node '/McUsd/Looks/piston_top/normal_texture' ('image_texture')
Warning: in UpdateParameters at line 291 of /opt/build-cycles/cycles/src/hydra/material.cpp -- Could not find parameter 'fallback' on node '/McUsd/Looks/piston_top/uv_reader' ('attribute')
Warning: in UpdateParameters at line 291 of /opt/build-cycles/cycles/src/hydra/material.cpp -- Could not find parameter 'useSpecularWorkflow' on node '/McUsd/Looks/gold_block/PreviewSurface' ('principled_bsdf')
Warning: in UpdateParameters at line 291 of /opt/build-cycles/cycles/src/hydra/material.cpp -- Could not find parameter 'bias' on node '/McUsd/Looks/gold_block/normal_texture' ('image_texture')
Warning: in UpdateParameters at line 291 of /opt/build-cycles/cycles/src/hydra/material.cpp -- Could not find parameter 'scale' on node '/McUsd/Looks/gold_block/normal_texture' ('image_texture')
Warning: in UpdateParameters at line 291 of /opt/build-cycles/cycles/src/hydra/material.cpp -- Could not find parameter 'fallback' on node '/McUsd/Looks/gold_block/uv_reader' ('attribute')
Warning: in UpdateParameters at line 291 of /opt/build-cycles/cycles/src/hydra/material.cpp -- Could not find parameter 'useSpecularWorkflow' on node '/McUsd/Looks/lava_still/PreviewSurface' ('principled_bsdf')
Warning: in UpdateParameters at line 291 of /opt/build-cycles/cycles/src/hydra/material.cpp -- Could not find parameter 'fallback' on node '/McUsd/Looks/lava_still/uv_reader' ('attribute')
Warning: in UpdateConnections at line 355 of /opt/build-cycles/cycles/src/hydra/material.cpp -- Ignoring connection on '/McUsd/Looks/lava_still/PreviewSurface.emissiveColor', input 'emissiveColor' was not found
Warning: in UpdateParameters at line 291 of /opt/build-cycles/cycles/src/hydra/material.cpp -- Could not find parameter 'opacityThreshold' on node '/McUsd/Looks/rail/PreviewSurface' ('principled_bsdf')
Warning: in UpdateParameters at line 291 of /opt/build-cycles/cycles/src/hydra/material.cpp -- Could not find parameter 'useSpecularWorkflow' on node '/McUsd/Looks/rail/PreviewSurface' ('principled_bsdf')
Warning: in UpdateParameters at line 291 of /opt/build-cycles/cycles/src/hydra/material.cpp -- Could not find parameter 'bias' on node '/McUsd/Looks/rail/normal_texture' ('image_texture')
Warning: in UpdateParameters at line 291 of /opt/build-cycles/cycles/src/hydra/material.cpp -- Could not find parameter 'scale' on node '/McUsd/Looks/rail/normal_texture' ('image_texture')
Warning: in UpdateParameters at line 291 of /opt/build-cycles/cycles/src/hydra/material.cpp -- Could not find parameter 'fallback' on node '/McUsd/Looks/rail/uv_reader' ('attribute')
Warning: in UpdateParameters at line 291 of /opt/build-cycles/cycles/src/hydra/material.cpp -- Could not find parameter 'opacityThreshold' on node '/McUsd/Looks/powered_rail/PreviewSurface' ('principled_bsdf')
Warning: in UpdateParameters at line 291 of /opt/build-cycles/cycles/src/hydra/material.cpp -- Could not find parameter 'useSpecularWorkflow' on node '/McUsd/Looks/powered_rail/PreviewSurface' ('principled_bsdf')
Warning: in UpdateParameters at line 291 of /opt/build-cycles/cycles/src/hydra/material.cpp -- Could not find parameter 'bias' on node '/McUsd/Looks/powered_rail/normal_texture' ('image_texture')
Warning: in UpdateParameters at line 291 of /opt/build-cycles/cycles/src/hydra/material.cpp -- Could not find parameter 'scale' on node '/McUsd/Looks/powered_rail/normal_texture' ('image_texture')
Warning: in UpdateParameters at line 291 of /opt/build-cycles/cycles/src/hydra/material.cpp -- Could not find parameter 'fallback' on node '/McUsd/Looks/powered_rail/uv_reader' ('attribute')
Warning: in UpdateParameters at line 291 of /opt/build-cycles/cycles/src/hydra/material.cpp -- Could not find parameter 'useSpecularWorkflow' on node '/McUsd/Looks/diamond_block/PreviewSurface' ('principled_bsdf')
Warning: in UpdateParameters at line 291 of /opt/build-cycles/cycles/src/hydra/material.cpp -- Could not find parameter 'bias' on node '/McUsd/Looks/diamond_block/normal_texture' ('image_texture')
Warning: in UpdateParameters at line 291 of /opt/build-cycles/cycles/src/hydra/material.cpp -- Could not find parameter 'scale' on node '/McUsd/Looks/diamond_block/normal_texture' ('image_texture')
Warning: in UpdateParameters at line 291 of /opt/build-cycles/cycles/src/hydra/material.cpp -- Could not find parameter 'fallback' on node '/McUsd/Looks/diamond_block/uv_reader' ('attribute')
Warning: in UpdateParameters at line 291 of /opt/build-cycles/cycles/src/hydra/material.cpp -- Could not find parameter 'useSpecularWorkflow' on node '/McUsd/Looks/chiseled_quartz_block_top/PreviewSurface' ('principled_bsdf')
Warning: in UpdateParameters at line 291 of /opt/build-cycles/cycles/src/hydra/material.cpp -- Could not find parameter 'bias' on node '/McUsd/Looks/chiseled_quartz_block_top/normal_texture' ('image_texture')
Warning: in UpdateParameters at line 291 of /opt/build-cycles/cycles/src/hydra/material.cpp -- Could not find parameter 'scale' on node '/McUsd/Looks/chiseled_quartz_block_top/normal_texture' ('image_texture')
Warning: in UpdateParameters at line 291 of /opt/build-cycles/cycles/src/hydra/material.cpp -- Could not find parameter 'fallback' on node '/McUsd/Looks/chiseled_quartz_block_top/uv_reader' ('attribute')
Warning: in UpdateParameters at line 291 of /opt/build-cycles/cycles/src/hydra/material.cpp -- Could not find parameter 'useSpecularWorkflow' on node '/McUsd/Looks/quartz_pillar/PreviewSurface' ('principled_bsdf')
Warning: in UpdateParameters at line 291 of /opt/build-cycles/cycles/src/hydra/material.cpp -- Could not find parameter 'bias' on node '/McUsd/Looks/quartz_pillar/normal_texture' ('image_texture')
Warning: in UpdateParameters at line 291 of /opt/build-cycles/cycles/src/hydra/material.cpp -- Could not find parameter 'scale' on node '/McUsd/Looks/quartz_pillar/normal_texture' ('image_texture')
Warning: in UpdateParameters at line 291 of /opt/build-cycles/cycles/src/hydra/material.cpp -- Could not find parameter 'fallback' on node '/McUsd/Looks/quartz_pillar/uv_reader' ('attribute')
Warning: in UpdateParameters at line 291 of /opt/build-cycles/cycles/src/hydra/material.cpp -- Could not find parameter 'useSpecularWorkflow' on node '/McUsd/Looks/chiseled_quartz_block/PreviewSurface' ('principled_bsdf')
Warning: in UpdateParameters at line 291 of /opt/build-cycles/cycles/src/hydra/material.cpp -- Could not find parameter 'bias' on node '/McUsd/Looks/chiseled_quartz_block/normal_texture' ('image_texture')
Warning: in UpdateParameters at line 291 of /opt/build-cycles/cycles/src/hydra/material.cpp -- Could not find parameter 'scale' on node '/McUsd/Looks/chiseled_quartz_block/normal_texture' ('image_texture')
Warning: in UpdateParameters at line 291 of /opt/build-cycles/cycles/src/hydra/material.cpp -- Could not find parameter 'fallback' on node '/McUsd/Looks/chiseled_quartz_block/uv_reader' ('attribute')
Warning: in SyncAovBindings at line 151 of /opt/build-cycles/cycles/src/hydra/session.cpp -- Unknown pass elementId
EGL 1.5
GL_VERSION: 4.6.0 NVIDIA 580.159.04
GL_RENDERER: NVIDIA RTX 2000 Ada Generation/PCIe/SSE2
Camera: /McUsd/Camera
Renderer plugin: HdCyclesPlugin
Recording time code: EARLIEST
Time: 4:37.00
Memory: 649748 KB
