Running: rez env aswf -- usdrecord --camera /McUsd/Camera --renderer "Moonray" --purposes render   assets/full_assets/McUsd/McUsd.usda "renderers/Moonray/McUsd.jpg"
Warning: in Tf_PyLoadScriptModule at line 117 of /opt/conan_home/d/b/openu0a1f8544958cb/b/src/pxr/base/tf/pyUtils.cpp -- Import failed for module 'pxr.MoonrayShaderParser'!
ModuleNotFoundError: No module named 'pxr.MoonrayShaderParser'
Warning: in Tf_PyLoadScriptModule at line 117 of /opt/conan_home/d/b/openu0a1f8544958cb/b/src/pxr/base/tf/pyUtils.cpp -- Import failed for module 'pxr.MoonrayShaderDiscovery'!
ModuleNotFoundError: No module named 'pxr.MoonrayShaderDiscovery'
[OpenColorIO Info]: Color management disabled. (Specify the $OCIO environment variable to enable.)
[32m2026-09-26T13:48:56.363605 D client[4122]:125144141311808: [5f976df4-4a61-4ebb-8257-fbee21e96f1f]: {trace:comp} launch e00d8a4e-4137-413a-88fd-319562138086 mcrt[0m
sh: lsb_release: command not found
[32m{trace:mcrt} version mcrt_computation-16.4 host dfc753dffbe3[0m
[32m{trace:comp} ready e00d8a4e-4137-413a-88fd-319562138086[0m
[32m2026-09-26T13:48:56.908313 D client[4122]:125144141311808: [5f976df4-4a61-4ebb-8257-fbee21e96f1f]: {trace:session} clientConnect 5f976df4-4a61-4ebb-8257-fbee21e96f1f local arras4_client-???;arras4_core_impl-???;arras4_network-???[0m
[32m{trace:mcrt} stage ready start e00d8a4e-4137-413a-88fd-319562138086[0m
[32m{trace:comp} start e00d8a4e-4137-413a-88fd-319562138086[0m
GlobalNodeInfo HostName {
  mClientHostName:dfc753dffbe3
  mDispatchHostName:
  mMergeHostName: mMergeCpuTotal:0
  mcrt (totalMcrt:1 totalCpu:48) {
    mMachineId:0 mCpuTotal:48 mHostName:dfc753dffbe3
  }
}
[36mStarting Rendering (syncId:1)[0m
[32m{trace:mcrt} stage renderPrep start e00d8a4e-4137-413a-88fd-319562138086 44cd0289-d772-4179-906a-3ec8fd3ced3c[0m
[33mstderr [31mFatal: UsdUVTexture("/McUsd/Looks/sunflower_front/diffuse_texture.rgb"): FATAL: failed to open texture file "/workspace/usd-render-benchmark/assets/full_assets/McUsd/McUsd_materials/tex/sunflower_front.png" (Invalid image file "/workspace/usd-render-benchmark/assets/full_assets/McUsd/McUsd_materials/tex/dirt.png": image was untiled[0m
[33mstderr Invalid image file "/workspace/usd-render-benchmark/assets/full_assets/McUsd/McUsd_materials/tex/dirt.png": image was untiled[0m
[33mstderr Invalid image file "/workspace/usd-render-benchmark/assets/full_assets/McUsd/McUsd_materials/tex/dirt.png": image was untiled)[0m
[33mstderr [0m[31mFatal: UsdUVTexture("/McUsd/Looks/purple_stained_glass/diffuse_texture.rgb"): FATAL: failed to open texture file "/workspace/usd-render-benchmark/assets/full_assets/McUsd/McUsd_materials/tex/purple_stained_glass.png" (Invalid image file "/workspace/usd-render-benchmark/assets/full_assets/McUsd/McUsd_materials/tex/piston_top_r.png": image was untiled[0m
[33mstderr Invalid image file "/workspace/usd-render-benchmark/assets/full_assets/McUsd/McUsd_materials/tex/piston_top_r.png": image was untiled[0m
[33mstderr Invalid image file "/workspace/usd-render-benchmark/assets/full_assets/McUsd/McUsd_materials/tex/piston_top_r.png": image was untiled)[0m
[36mstdout Starting render prep...Render prep time = 00:00:00.173[0m
[32m{trace:mcrt} stage shading start 0.000678548 e00d8a4e-4137-413a-88fd-319562138086 44cd0289-d772-4179-906a-3ec8fd3ced3c[0m
[32m{trace:mcrt} stage shading complete 1 e00d8a4e-4137-413a-88fd-319562138086 44cd0289-d772-4179-906a-3ec8fd3ced3c[0m
[33mstderr [0m[31mError: UsdUVTexture("/McUsd/Looks/powered_rail/metallic_texture.r"): (437176 times) unknown oiio sample failure[0m
[33mstderr [0m[31mError: UsdUVTexture("/McUsd/Looks/powered_rail/diffuse_texture.rgb"): (437176 times) unknown oiio sample failure[0m
[33mstderr [0m[31mError: UsdUVTexture("/McUsd/Looks/rail/diffuse_texture.rgb"): (1229512 times) unknown oiio sample failure[0m
[33mstderr [0m[31mError: UsdUVTexture("/McUsd/Looks/powered_rail/normal_texture.rgb"): (437176 times) unknown oiio sample failure[0m
[33mstderr [0m[31mError: UsdUVTexture("/McUsd/Looks/powered_rail/diffuse_texture.a"): (437152 times) unknown oiio sample failure[0m
[33mstderr [0m[31mError: UsdUVTexture("/McUsd/Looks/chiseled_quartz_block_top/roughness_texture.r"): (309216 times) unknown oiio sample failure[0m
[33mstderr [0m[31mError: UsdUVTexture("/McUsd/Looks/rail/roughness_texture.r"): (1229512 times) unknown oiio sample failure[0m
[33mstderr [0m[31mError: UsdUVTexture("/McUsd/Looks/chiseled_quartz_block_top/diffuse_texture.rgb"): (309216 times) unknown oiio sample failure[0m
[33mstderr [0m[31mError: UsdUVTexture("/McUsd/Looks/piston_top/roughness_texture.r"): (225800 times) unknown oiio sample failure[0m
[33mstderr [0m[31mError: UsdUVTexture("/McUsd/Looks/piston_top/normal_texture.rgb"): (225800 times) unknown oiio sample failure[0m
[33mstderr [0m[31mError: UsdUVTexture("/McUsd/Looks/iron_block/metallic_texture.r"): (1412608 times) unknown oiio sample failure[0m
[33mstderr [0m[31mError: UsdUVTexture("/McUsd/Looks/diamond_block/roughness_texture.r"): (1012760 times) unknown oiio sample failure[0m
[33mstderr [0m[31mError: UsdUVTexture("/McUsd/Looks/iron_block/roughness_texture.r"): (1412608 times) unknown oiio sample failure[0m
[33mstderr [0m[31mError: UsdUVTexture("/McUsd/Looks/iron_block/diffuse_texture.rgb"): (1412608 times) unknown oiio sample failure[0m
[33mstderr [0m[31mError: UsdUVTexture("/McUsd/Looks/lava_flow/normal_texture.rgb"): (3011560 times) unknown oiio sample failure[0m
[33mstderr [0m[31mError: UsdUVTexture("/McUsd/Looks/sunflower_back/roughness_texture.r"): (1629320 times) unknown oiio sample failure[0m
[33mstderr [0m[31mError: UsdUVTexture("/McUsd/Looks/sunflower_back/normal_texture.rgb"): (1629320 times) unknown oiio sample failure[0m
[33mstderr [0m[31mError: UsdUVTexture("/McUsd/Looks/rail_corner/diffuse_texture.rgb"): (854856 times) unknown oiio sample failure[0m
[33mstderr [0m[31mError: UsdUVTexture("/McUsd/Looks/rail/metallic_texture.r"): (1229512 times) unknown oiio sample failure[0m
[33mstderr [0m[31mError: UsdUVTexture("/McUsd/Looks/diamond_block/diffuse_texture.rgb"): (1012760 times) unknown oiio sample failure[0m
[33mstderr [0m[31mError: UsdUVTexture("/McUsd/Looks/gold_block/metallic_texture.r"): (2557160 times) unknown oiio sample failure[0m
[33mstderr [0m[31mError: UsdUVTexture("/McUsd/Looks/sunflower_bottom/roughness_texture.r"): (5427144 times) unknown oiio sample failure[0m
[33mstderr [0m[31mError: UsdUVTexture("/McUsd/Looks/rail/diffuse_texture.a"): (1229456 times) unknown oiio sample failure[0m
[33mstderr [0m[31mError: UsdUVTexture("/McUsd/Looks/lava_still/emissive_texture.rgb"): (701824 times) unknown oiio sample failure[0m
[33mstderr [0m[31mError: UsdUVTexture("/McUsd/Looks/sunflower_back/diffuse_texture.rgb"): (1629320 times) unknown oiio sample failure[0m
[36mstdout 00:18:60    1.2 GB | ---------- Time ------------------------------------------[0m
[36mstdout 00:18:60    1.2 GB | Render time                      = 00:18:59.493000[0m
[33mstderr [0m[31mError: UsdUVTexture("/McUsd/Looks/purple_stained_glass/normal_texture.rgb"): (16215904 times) unknown oiio sample failure[0m
[36mstdout 00:18:60    1.2 GB | Total time                       = 00:18:59.802000[0m
[33mstderr [0m[31mError: UsdUVTexture("/McUsd/Looks/rail_corner/metallic_texture.r"): (854856 times) unknown oiio sample failure[0m
[33mstderr [0m[31mError: UsdUVTexture("/McUsd/Looks/sunflower_bottom/diffuse_texture.rgb"): (5427144 times) unknown oiio sample failure[0m
[33mstderr [0m[31mError: UsdUVTexture("/McUsd/Looks/sunflower_back/diffuse_texture.a"): (1629224 times) unknown oiio sample failure[0m
[33mstderr [0m[31mError: UsdUVTexture("/McUsd/Looks/sunflower_front/roughness_texture.r"): (1632576 times) unknown oiio sample failure[0m
[33mstderr [0m[31mError: UsdUVTexture("/McUsd/Looks/piston_top/metallic_texture.r"): (225800 times) unknown oiio sample failure[0m
[33mstderr [0m[31mError: UsdUVTexture("/McUsd/Looks/sunflower_bottom/normal_texture.rgb"): (5427144 times) unknown oiio sample failure[0m
[33mstderr [0m[31mError: UsdUVTexture("/McUsd/Looks/piston_top/diffuse_texture.rgb"): (225800 times) unknown oiio sample failure[0m
[33mstderr [0m[31mError: UsdUVTexture("/McUsd/Looks/prismarine/roughness_texture.r"): (5442928 times) unknown oiio sample failure[0m
[33mstderr [0m[31mError: UsdUVTexture("/McUsd/Looks/quartz_pillar/diffuse_texture.rgb"): (1621864 times) unknown oiio sample failure[0m
[33mstderr [0m[31mError: UsdUVTexture("/McUsd/Looks/sunflower_bottom/diffuse_texture.a"): (5426953 times) unknown oiio sample failure[0m
[33mstderr [0m[31mError: UsdUVTexture("/McUsd/Looks/rail/normal_texture.rgb"): (1229512 times) unknown oiio sample failure[0m
[33mstderr [0m[31mError: UsdUVTexture("/McUsd/Looks/diamond_block/normal_texture.rgb"): (1012760 times) unknown oiio sample failure[0m
[33mstderr [0m[31mError: UsdUVTexture("/McUsd/Looks/purple_stained_glass/roughness_texture.r"): (16215904 times) unknown oiio sample failure[0m
[33mstderr [0m[31mError: UsdUVTexture("/McUsd/Looks/diamond_block/metallic_texture.r"): (1012760 times) unknown oiio sample failure[0m
[33mstderr [0m[31mError: UsdUVTexture("/McUsd/Looks/sunflower_front/diffuse_texture.a"): (1632469 times) unknown oiio sample failure[0m
[33mstderr [0m[31mError: UsdUVTexture("/McUsd/Looks/prismarine/diffuse_texture.rgb"): (5442928 times) unknown oiio sample failure[0m
[33mstderr [0m[31mError: UsdUVTexture("/McUsd/Looks/purple_stained_glass/diffuse_texture.a"): (32431592 times) unknown oiio sample failure[0m
[33mstderr [0m[31mError: UsdUVTexture("/McUsd/Looks/piston_side/diffuse_texture.rgb"): (2094816 times) unknown oiio sample failure[0m
[33mstderr [0m[31mError: UsdUVTexture("/McUsd/Looks/gold_block/roughness_texture.r"): (2557160 times) unknown oiio sample failure[0m
[33mstderr [0m[31mError: UsdUVTexture("/McUsd/Looks/piston_side/roughness_texture.r"): (2094816 times) unknown oiio sample failure[0m
[33mstderr [0m[31mError: UsdUVTexture("/McUsd/Looks/powered_rail/roughness_texture.r"): (437176 times) unknown oiio sample failure[0m
[33mstderr [0m[31mError: UsdUVTexture("/McUsd/Looks/fern/diffuse_texture.a"): (3592109 times) unknown oiio sample failure[0m
[33mstderr [0m[31mError: UsdUVTexture("/McUsd/Looks/grass_block_top/normal_texture.rgb"): (40343968 times) unknown oiio sample failure[0m
[33mstderr [0m[31mError: UsdUVTexture("/McUsd/Looks/lava_still/diffuse_texture.rgb"): (701824 times) unknown oiio sample failure[0m
[33mstderr [0m[31mError: UsdUVTexture("/McUsd/Looks/grass_block_top/roughness_texture.r"): (40343968 times) unknown oiio sample failure[0m
[33mstderr [0m[31mError: UsdUVTexture("/McUsd/Looks/sunflower_front/normal_texture.rgb"): (1632576 times) unknown oiio sample failure[0m
[33mstderr [0m[31mError: UsdUVTexture("/McUsd/Looks/chiseled_quartz_block/roughness_texture.r"): (1371704 times) unknown oiio sample failure[0m
[33mstderr [0m[31mError: UsdUVTexture("/McUsd/Looks/fern/diffuse_texture.rgb"): (3592272 times) unknown oiio sample failure[0m
[33mstderr [0m[31mError: UsdUVTexture("/McUsd/Looks/quartz_pillar/roughness_texture.r"): (1621864 times) unknown oiio sample failure[0m
[33mstderr [0m[31mError: UsdUVTexture("/McUsd/Looks/iron_block/normal_texture.rgb"): (1412608 times) unknown oiio sample failure[0m
[33mstderr [0m[31mError: UsdUVTexture("/McUsd/Looks/sunflower_top/roughness_texture.r"): (2393312 times) unknown oiio sample failure[0m
[33mstderr [0m[31mError: UsdUVTexture("/McUsd/Looks/quartz_pillar/normal_texture.rgb"): (1621864 times) unknown oiio sample failure[0m
[33mstderr [0m[31mError: UsdUVTexture("/McUsd/Looks/piston_side/normal_texture.rgb"): (2094816 times) unknown oiio sample failure[0m
[33mstderr [0m[31mError: UsdUVTexture("/McUsd/Looks/sunflower_top/diffuse_texture.a"): (2393133 times) unknown oiio sample failure[0m
[33mstderr [0m[31mError: UsdUVTexture("/McUsd/Looks/chiseled_quartz_block/normal_texture.rgb"): (1371704 times) unknown oiio sample failure[0m
[33mstderr [0m[31mError: UsdUVTexture("/McUsd/Looks/chiseled_quartz_block_top/normal_texture.rgb"): (309216 times) unknown oiio sample failure[0m
[33mstderr [0m[31mError: UsdUVTexture("/McUsd/Looks/rail_corner/roughness_texture.r"): (854856 times) unknown oiio sample failure[0m
[33mstderr [0m[31mError: UsdUVTexture("/McUsd/Looks/grass_block_top/diffuse_texture.rgb"): (40343968 times) unknown oiio sample failure[0m
[33mstderr [0m[31mError: UsdUVTexture("/McUsd/Looks/chiseled_quartz_block/diffuse_texture.rgb"): (1371704 times) unknown oiio sample failure[0m
[33mstderr [0m[31mError: UsdUVTexture("/McUsd/Looks/lava_flow/emissive_texture.rgb"): (3011560 times) unknown oiio sample failure[0m
[33mstderr [0m[31mError: UsdUVTexture("/McUsd/Looks/gold_block/diffuse_texture.rgb"): (2557160 times) unknown oiio sample failure[0m
[33mstderr [0m[31mError: UsdUVTexture("/McUsd/Looks/lava_flow/diffuse_texture.rgb"): (3011560 times) unknown oiio sample failure[0m
[33mstderr [0m[31mError: UsdUVTexture("/McUsd/Looks/rail_corner/diffuse_texture.a"): (854790 times) unknown oiio sample failure[0m
[33mstderr [0m[31mError: UsdUVTexture("/McUsd/Looks/prismarine/normal_texture.rgb"): (5442928 times) unknown oiio sample failure[0m
[33mstderr [0m[31mError: UsdUVTexture("/McUsd/Looks/purple_stained_glass/metallic_texture.r"): (16215904 times) unknown oiio sample failure[0m
[33mstderr [0m[31mError: UsdUVTexture("/McUsd/Looks/sunflower_top/normal_texture.rgb"): (2393312 times) unknown oiio sample failure[0m
[33mstderr [0m[31mError: UsdUVTexture("/McUsd/Looks/chiseled_quartz_block/metallic_texture.r"): (1371704 times) unknown oiio sample failure[0m
[33mstderr [0m[31mError: UsdUVTexture("/McUsd/Looks/sunflower_top/diffuse_texture.rgb"): (2393312 times) unknown oiio sample failure[0m
[33mstderr [0m[31mError: UsdUVTexture("/McUsd/Looks/rail_corner/normal_texture.rgb"): (854856 times) unknown oiio sample failure[0m
[33mstderr [0m[31mError: UsdUVTexture("/McUsd/Looks/gold_block/normal_texture.rgb"): (2557160 times) unknown oiio sample failure[0m
Recording aborted due to the following failure at time code EARLIEST: 
	Error in 'pxrInternal_v0_23__pxrReserved__::VtValue::_FailGet' at line 551 in file /opt/conan_home/d/b/openu0a1f8544958cb/b/src/pxr/base/vt/value.cpp : 'Attempted to get value of type 'TfToken' from empty VtValue.'
	Error in 'pxrInternal_v0_23__pxrReserved__::VtValue::_FailGet' at line 551 in file /opt/conan_home/d/b/openu0a1f8544958cb/b/src/pxr/base/vt/value.cpp : 'Attempted to get value of type 'TfToken' from empty VtValue.'
[33m{dispatcherExit} Message Dispatcher  [libcomputation_progmcrt.so] : exiting : reason is 'socket was disconnected'[0m
EGL 1.5
GL_VERSION: 4.6.0 NVIDIA 580.159.04
GL_RENDERER: NVIDIA RTX 2000 Ada Generation/PCIe/SSE2
Camera: /McUsd/Camera
Renderer plugin: HdMoonrayRendererPlugin
Recording time code: EARLIEST
Time: 19:02.62
Memory: 399564 KB
