Running: rez env aswf -- usdrecord --camera main_cam --renderer "Moonray" --purposes render   assets/full_assets/OpenChessSet/chess_set.usda "renderers/Moonray/chess_set.jpg"
[OpenColorIO Info]: Color management disabled. (Specify the $OCIO environment variable to enable.)
[31mError: /ChessSet/Black/KnightR/Geom/Render.material: /ChessSet/Black/KnightR/Materials/M_Knight_B has no moonray or fallback shaders
[0m[31mError: /ChessSet/Black/KnightL/Geom/Render.material: /ChessSet/Black/KnightL/Materials/M_Knight_B has no moonray or fallback shaders
[0m[31mError: /ChessSet/White/KnightL/Geom/Render.material: /ChessSet/White/KnightL/Materials/M_Knight_W has no moonray or fallback shaders
[0m[31mError: /ChessSet/White/KnightR/Geom/Render.material: /ChessSet/White/KnightR/Materials/M_Knight_W has no moonray or fallback shaders
[0m[31mError: /ChessSet/Black/Pawns.proto0_Render_id0.material: /ChessSet/Black/Pawns/Pawn/Materials/M_Pawn_Top_B has no moonray or fallback shaders
[0m[31mError: /ChessSet/White/Pawns.proto0_Render_id0.material: /ChessSet/White/Pawns/Pawn/Materials/M_Pawn_Top_W has no moonray or fallback shaders
[0m[31mError: /ChessSet/Black/RookL/Geom/Render.material: /ChessSet/Black/RookL/Materials/M_Rook_B has no moonray or fallback shaders
[0m[31mError: /ChessSet/White/RookL/Geom/Render.material: /ChessSet/White/RookL/Materials/M_Rook_W has no moonray or fallback shaders
[0m[31mError: /ChessSet/Black/RookR/Geom/Render.material: /ChessSet/Black/RookR/Materials/M_Rook_B has no moonray or fallback shaders
[0m[31mError: /ChessSet/White/RookR/Geom/Render.material: /ChessSet/White/RookR/Materials/M_Rook_W has no moonray or fallback shaders
[0m[31mError: /ChessSet/White/Queen/Geom/Render.material: /ChessSet/White/Queen/Materials/M_Queen_W has no moonray or fallback shaders
[0m[31mError: /ChessSet/Black/Queen/Geom/Render.material: /ChessSet/Black/Queen/Materials/M_Queen_B has no moonray or fallback shaders
[0m[31mError: /ChessSet/Black/King/Geom/Render.material: /ChessSet/Black/King/Materials/M_King_B has no moonray or fallback shaders
[0m[31mError: /ChessSet/White/King/Geom/Render.material: /ChessSet/White/King/Materials/M_King_W has no moonray or fallback shaders
[0m[31mError: /ChessSet/Black/Pawns.proto0_Render_id1.material: /ChessSet/Black/Pawns/Pawn/Materials/M_Pawn_Body_B has no moonray or fallback shaders
[0m[31mError: /ChessSet/White/Pawns.proto0_Render_id1.material: /ChessSet/White/Pawns/Pawn/Materials/M_Pawn_Body_W has no moonray or fallback shaders
[0m[31mError: /ChessSet/Black/BishopL/Geom/Render.material: /ChessSet/Black/BishopL/Materials/M_Bishop_B has no moonray or fallback shaders
[0m[31mError: /ChessSet/White/BishopL/Geom/Render.material: /ChessSet/White/BishopL/Materials/M_Bishop_W has no moonray or fallback shaders
[0m[31mError: /ChessSet/Black/BishopR/Geom/Render.material: /ChessSet/Black/BishopR/Materials/M_Bishop_B has no moonray or fallback shaders
[0m[31mError: /ChessSet/White/BishopR/Geom/Render.material: /ChessSet/White/BishopR/Materials/M_Bishop_W has no moonray or fallback shaders
[0m[31mError: /ChessSet/Chessboard/Geom/Render.material: /ChessSet/Chessboard/Materials/M_Chessboard has no moonray or fallback shaders
[0m[32m2026-09-26T14:07:58.895825 D client[8137]:139066282774336: [1e6becc1-1ca1-45af-9ca1-d83cf1436057]: {trace:comp} launch cca966b7-ad8e-4f20-ac55-bb77d279a64d mcrt[0m
sh: lsb_release: command not found
[32m{trace:mcrt} version mcrt_computation-16.4 host dfc753dffbe3[0m
[32m{trace:comp} ready cca966b7-ad8e-4f20-ac55-bb77d279a64d[0m
[32m2026-09-26T14:07:59.450133 D client[8137]:139066282774336: [1e6becc1-1ca1-45af-9ca1-d83cf1436057]: {trace:session} clientConnect 1e6becc1-1ca1-45af-9ca1-d83cf1436057 local arras4_client-???;arras4_core_impl-???;arras4_network-???[0m
[32m{trace:mcrt} stage ready start cca966b7-ad8e-4f20-ac55-bb77d279a64d[0m
[32m{trace:comp} start cca966b7-ad8e-4f20-ac55-bb77d279a64d[0m
GlobalNodeInfo HostName {
  mClientHostName:dfc753dffbe3
  mDispatchHostName:
  mMergeHostName: mMergeCpuTotal:0
  mcrt (totalMcrt:1 totalCpu:48) {
    mMachineId:0 mCpuTotal:48 mHostName:dfc753dffbe3
  }
}
[36mStarting Rendering (syncId:1)[0m
[32m{trace:mcrt} stage renderPrep start cca966b7-ad8e-4f20-ac55-bb77d279a64d 9673df86-7a43-46f4-9531-f26ac527cf13[0m
[36mstdout Starting render prep...Render prep time = 00:00:00.657[0m
[32m{trace:mcrt} stage shading start 0.0112411 cca966b7-ad8e-4f20-ac55-bb77d279a64d 9673df86-7a43-46f4-9531-f26ac527cf13[0m
[32m{trace:mcrt} stage shading complete 1 cca966b7-ad8e-4f20-ac55-bb77d279a64d 9673df86-7a43-46f4-9531-f26ac527cf13[0m
[36mstdout 00:00:45    1.3 GB | ---------- Time ------------------------------------------[0m
[36mstdout 00:00:45    1.3 GB | Render time                      = 00:00:44.368000[0m
[36mstdout 00:00:45    1.3 GB | Total time                       = 00:00:45.152000[0m
Recording aborted due to the following failure at time code EARLIEST: 
	Error in 'pxrInternal_v0_23__pxrReserved__::VtValue::_FailGet' at line 551 in file /opt/conan_home/d/b/openu0a1f8544958cb/b/src/pxr/base/vt/value.cpp : 'Attempted to get value of type 'TfToken' from empty VtValue.'
	Error in 'pxrInternal_v0_23__pxrReserved__::VtValue::_FailGet' at line 551 in file /opt/conan_home/d/b/openu0a1f8544958cb/b/src/pxr/base/vt/value.cpp : 'Attempted to get value of type 'TfToken' from empty VtValue.'
[33m{dispatcherExit} Message Dispatcher  [libcomputation_progmcrt.so] : exiting : reason is 'socket was disconnected'[0m
[32m{trace:comp} stop cca966b7-ad8e-4f20-ac55-bb77d279a64d[0m
[33mstderr ===>>> oldRenderContextCleanup thread shutdown <<<===[0m
EGL 1.5
GL_VERSION: 4.6.0 NVIDIA 580.159.04
GL_RENDERER: NVIDIA RTX 2000 Ada Generation/PCIe/SSE2
Camera: 
Renderer plugin: HdMoonrayRendererPlugin
Recording time code: EARLIEST
Time: 0:47.84
Memory: 521296 KB
