Running: rez env aswf -- usdrecord --camera /root/camera01/GEO/renderCam_hrc/renderCam_buffer/renderCam_srt/renderCam --renderer "Storm" --purposes render   scenes/ALab/ALab/entry.usda "renderers/Storm/entry.jpg"
Warning: in _LoadLibModules at line 329 of /opt/conan_home/d/b/openu18ded7ada3410/b/src/pxr/base/tf/scriptModuleLoader.cpp -- Error loading lib moonrayShaderParser's module 'pxr.MoonrayShaderParser':
ModuleNotFoundError: No module named 'pxr.MoonrayShaderParser'

Warning: in _LoadLibModules at line 329 of /opt/conan_home/d/b/openu18ded7ada3410/b/src/pxr/base/tf/scriptModuleLoader.cpp -- Error loading lib moonrayShaderDiscovery's module 'pxr.MoonrayShaderDiscovery':
ModuleNotFoundError: No module named 'pxr.MoonrayShaderDiscovery'

Warning: in Sync at line 164 of /opt/conan_home/d/b/openu18ded7ada3410/b/src/pxr/imaging/hdx/simpleLightTask.cpp -- Hydra Storm supports up to 16 lights, truncating the 55 found lights to this max.
[OpenColorIO Info]: Color management disabled. (Specify the $OCIO environment variable to enable.)
Warning (secondary thread): In image "/workspace/usd-render-benchmark/scenes/ALab/ALab/fragment/lightrig/lighting/mk020_0281_export/base/texture/dmp_skydome_alab01_std01_render_high_texture/nuke_texture_export.exr" mip level 13 does not exist [python3.11]
Warning (secondary thread): In image "/workspace/usd-render-benchmark/scenes/ALab/ALab/fragment/look/surfacing/dmp_skydome_alab01_std01/render_high/texture/look_surfacing_dmp_skydome_alab01_std01_render_high_texture/procedural_dmp_skydome_alab01_std01_Color_role_render.exr" mip level 12 does not exist [python3.11]
Recording aborted due to the following failure at time code 1004.0: 
	Error in 'pxrInternal_v0_25_5__pxrReserved__::Usd_ClipSet::_FindClipIndexForTime' at line 717 in file /opt/conan_home/d/b/openu18ded7ada3410/b/src/pxr/usd/usd/clipSet.cpp : 'Failed verification: ' clipIndex < valueClips.size() && time >= valueClips[clipIndex]->startTime && time < valueClips[clipIndex]->endTime ''
EGL 1.5
GL_VERSION: 4.6.0 NVIDIA 580.126.20
GL_RENDERER: NVIDIA GeForce RTX 4090/PCIe/SSE2
Camera: /root/camera01/GEO/renderCam_hrc/renderCam_buffer/renderCam_srt/renderCam
Renderer plugin: HdStormRendererPlugin
Recording time code: 1004.000000
Command exited with non-zero status 1
Time: 1:02.20
Memory: 5458068 KB
ERROR: usdrecord returned non-zero exit status
ERROR: render_watchdog: delegate reported failure: Recording aborted due to the following failure at time code 1004.0: 
  the render client did not complete this cell; the image it wrote is not the render
ERROR: usdrecord returned non-zero exit status (render_watchdog: delegate reported failure: usdrecord itself may have exited 0 -- 23.08 does, and 26.03+ needs --abortOnError)
