Running: rez env usd -- usdrecord --camera main_cam --renderer "Storm" --purposes render   assets/full_assets/OpenChessSet/chess_set.usda "renderers/Storm/chess_set.jpg"
Pip-based rez installation detected. Please be aware that rez command line tools are not guaranteed to function correctly in this case. See https://rez.readthedocs.io/en/stable/installation.html#why-not-pip-for-production  for futher details.
[OpenColorIO Info]: Color management disabled. (Specify the $OCIO environment variable to enable.)
Warning: in _ValidateCompilation at line 211 of /opt/openusd-build-work/OpenUSD-26.05/pxr/imaging/hdSt/glslProgram.cpp -- Failed to compile shader (FRAGMENT_SHADER): 0(3845) : error C1503: undefined variable "AIRY_FRESNEL_ITERATIONS"
0(3860) : error C1503: undefined variable "AIRY_FRESNEL_ITERATIONS"

Warning: in _GetDrawingProgram at line 385 of /opt/openusd-build-work/OpenUSD-26.05/pxr/imaging/hdSt/drawBatch.cpp -- Failed to compile shader for prim /ChessSet/White/RookR/Geom/Render.
Warning: in _ValidateCompilation at line 211 of /opt/openusd-build-work/OpenUSD-26.05/pxr/imaging/hdSt/glslProgram.cpp -- Failed to compile shader (FRAGMENT_SHADER): 0(3671) : error C1503: undefined variable "AIRY_FRESNEL_ITERATIONS"
0(3686) : error C1503: undefined variable "AIRY_FRESNEL_ITERATIONS"

Warning: in _GetDrawingProgram at line 385 of /opt/openusd-build-work/OpenUSD-26.05/pxr/imaging/hdSt/drawBatch.cpp -- Failed to compile shader for prim /ChessSet/Black/KnightL/Geom/Render.
Warning: in _ValidateCompilation at line 211 of /opt/openusd-build-work/OpenUSD-26.05/pxr/imaging/hdSt/glslProgram.cpp -- Failed to compile shader (FRAGMENT_SHADER): 0(3997) : error C1503: undefined variable "AIRY_FRESNEL_ITERATIONS"
0(4012) : error C1503: undefined variable "AIRY_FRESNEL_ITERATIONS"

Warning: in _GetDrawingProgram at line 385 of /opt/openusd-build-work/OpenUSD-26.05/pxr/imaging/hdSt/drawBatch.cpp -- Failed to compile shader for prim /ChessSet/Black/Queen/Geom/Render.
Warning: in _ValidateCompilation at line 211 of /opt/openusd-build-work/OpenUSD-26.05/pxr/imaging/hdSt/glslProgram.cpp -- Failed to compile shader (FRAGMENT_SHADER): 0(3923) : error C1503: undefined variable "AIRY_FRESNEL_ITERATIONS"
0(3938) : error C1503: undefined variable "AIRY_FRESNEL_ITERATIONS"

Warning: in _GetDrawingProgram at line 385 of /opt/openusd-build-work/OpenUSD-26.05/pxr/imaging/hdSt/drawBatch.cpp -- Failed to compile shader for prim /ChessSet/White/Pawns/Pawn/ForInstancer77392c02ff4b8d77/Geom_Body/Render.
Warning: in _ValidateCompilation at line 211 of /opt/openusd-build-work/OpenUSD-26.05/pxr/imaging/hdSt/glslProgram.cpp -- Failed to compile shader (FRAGMENT_SHADER): 0(3553) : error C1503: undefined variable "AIRY_FRESNEL_ITERATIONS"
0(3568) : error C1503: undefined variable "AIRY_FRESNEL_ITERATIONS"

Warning: in _GetDrawingProgram at line 385 of /opt/openusd-build-work/OpenUSD-26.05/pxr/imaging/hdSt/drawBatch.cpp -- Failed to compile shader for prim /ChessSet/Black/Pawns/Pawn/ForInstancerfaee41c1405c2ff0/Geom_Top/Render.
Warning: in _ValidateCompilation at line 211 of /opt/openusd-build-work/OpenUSD-26.05/pxr/imaging/hdSt/glslProgram.cpp -- Failed to compile shader (FRAGMENT_SHADER): 0(3682) : error C1503: undefined variable "AIRY_FRESNEL_ITERATIONS"
0(3697) : error C1503: undefined variable "AIRY_FRESNEL_ITERATIONS"

Warning: in _GetDrawingProgram at line 385 of /opt/openusd-build-work/OpenUSD-26.05/pxr/imaging/hdSt/drawBatch.cpp -- Failed to compile shader for prim /ChessSet/Black/Pawns/Pawn/ForInstancerfaee41c1405c2ff0/Geom_Top/Render.
EGL 1.5
GL_VERSION: 4.6.0 NVIDIA 580.167.08
GL_RENDERER: NVIDIA RTX PRO 4000 Blackwell/PCIe/SSE2
Camera: 
Renderer plugin: HdStormRendererPlugin
Recording time code: 0.000000
Time: 0:04.98
Memory: 1155048 KB
